// Vitest Snapshot v1, https://vitest.dev/guide/snapshot.html

exports[`NotificationCenter > renders notification center 1`] = `
<div>
  <style
    data-mantine-styles="classes"
  >
    @media (max-width: 35.99375em) {.mantine-visible-from-xs {display: none !important;}}@media (min-width: 36em) {.mantine-hidden-from-xs {display: none !important;}}@media (max-width: 47.99375em) {.mantine-visible-from-sm {display: none !important;}}@media (min-width: 48em) {.mantine-hidden-from-sm {display: none !important;}}@media (max-width: 61.99375em) {.mantine-visible-from-md {display: none !important;}}@media (min-width: 62em) {.mantine-hidden-from-md {display: none !important;}}@media (max-width: 74.99375em) {.mantine-visible-from-lg {display: none !important;}}@media (min-width: 75em) {.mantine-hidden-from-lg {display: none !important;}}@media (max-width: 87.99375em) {.mantine-visible-from-xl {display: none !important;}}@media (min-width: 88em) {.mantine-hidden-from-xl {display: none !important;}}
  </style>
  <div
    aria-controls=""
    aria-expanded="false"
    aria-haspopup="dialog"
    class="m_e5262200 mantine-Indicator-root"
    id=""
    style="--indicator-size: calc(0.75rem * var(--mantine-scale)); --indicator-top: 0rem; --indicator-right: 0rem; --indicator-translate-x: 50%; --indicator-translate-y: -50%;"
  >
    <div
      class="m_760d1fb1 mantine-Indicator-indicator"
      data-processing="true"
    />
    <button
      class="mantine-focus-auto mantine-active m_77c9d27d mantine-Button-root m_87cf2631 mantine-UnstyledButton-root"
      data-size="compact-lg"
      data-testid="notification-center"
      data-variant="white"
      style="--button-height: var(--button-height-compact-lg); --button-padding-x: var(--button-padding-x-compact-lg); --button-fz: var(--mantine-font-size-lg); --button-bg: var(--mantine-color-white); --button-hover: rgba(252, 252, 252, 1); --button-color: var(--mantine-color-blue-filled); --button-bd: calc(0.0625rem * var(--mantine-scale)) solid transparent;"
      type="button"
    >
      <span
        class="m_80f1301b mantine-Button-inner"
      >
        <span
          class="m_811560b9 mantine-Button-label"
        >
          <svg
            class="lucide lucide-bell"
            fill="none"
            height="24"
            stroke="currentColor"
            stroke-linecap="round"
            stroke-linejoin="round"
            stroke-width="2"
            viewBox="0 0 24 24"
            width="24"
            xmlns="http://www.w3.org/2000/svg"
          >
            <path
              d="M6 8a6 6 0 0 1 12 0c0 7 3 9 3 9H3s3-2 3-9"
            />
            <path
              d="M10.3 21a1.94 1.94 0 0 0 3.4 0"
            />
          </svg>
        </span>
      </span>
    </button>
  </div>
</div>
`;

exports[`NotificationCenter > shows empty state when no notifications 1`] = `
<div>
  <style
    data-mantine-styles="classes"
  >
    @media (max-width: 35.99375em) {.mantine-visible-from-xs {display: none !important;}}@media (min-width: 36em) {.mantine-hidden-from-xs {display: none !important;}}@media (max-width: 47.99375em) {.mantine-visible-from-sm {display: none !important;}}@media (min-width: 48em) {.mantine-hidden-from-sm {display: none !important;}}@media (max-width: 61.99375em) {.mantine-visible-from-md {display: none !important;}}@media (min-width: 62em) {.mantine-hidden-from-md {display: none !important;}}@media (max-width: 74.99375em) {.mantine-visible-from-lg {display: none !important;}}@media (min-width: 75em) {.mantine-hidden-from-lg {display: none !important;}}@media (max-width: 87.99375em) {.mantine-visible-from-xl {display: none !important;}}@media (min-width: 88em) {.mantine-hidden-from-xl {display: none !important;}}
  </style>
  <div
    aria-controls=""
    aria-expanded="false"
    aria-haspopup="dialog"
    class="m_e5262200 mantine-Indicator-root"
    id=""
    style="--indicator-size: calc(0.75rem * var(--mantine-scale)); --indicator-top: 0rem; --indicator-right: 0rem; --indicator-translate-x: 50%; --indicator-translate-y: -50%;"
  >
    <button
      class="mantine-focus-auto mantine-active m_77c9d27d mantine-Button-root m_87cf2631 mantine-UnstyledButton-root"
      data-size="compact-lg"
      data-testid="notification-center"
      data-variant="white"
      style="--button-height: var(--button-height-compact-lg); --button-padding-x: var(--button-padding-x-compact-lg); --button-fz: var(--mantine-font-size-lg); --button-bg: var(--mantine-color-white); --button-hover: rgba(252, 252, 252, 1); --button-color: var(--mantine-color-blue-filled); --button-bd: calc(0.0625rem * var(--mantine-scale)) solid transparent;"
      type="button"
    >
      <span
        class="m_80f1301b mantine-Button-inner"
      >
        <span
          class="m_811560b9 mantine-Button-label"
        >
          <svg
            class="lucide lucide-bell"
            fill="none"
            height="24"
            stroke="currentColor"
            stroke-linecap="round"
            stroke-linejoin="round"
            stroke-width="2"
            viewBox="0 0 24 24"
            width="24"
            xmlns="http://www.w3.org/2000/svg"
          >
            <path
              d="M6 8a6 6 0 0 1 12 0c0 7 3 9 3 9H3s3-2 3-9"
            />
            <path
              d="M10.3 21a1.94 1.94 0 0 0 3.4 0"
            />
          </svg>
        </span>
      </span>
    </button>
  </div>
</div>
`;
