// Vitest Snapshot v1, https://vitest.dev/guide/snapshot.html

exports[`it renders map properly 1`] = `
<div>
  <style
    data-mantine-styles="true"
  >
    :root{--mantine-font-family: 'Poppins', system-ui, sans-serif;--mantine-font-family-headings: 'Telkomsel Batik Sans', system-ui, sans-serif;--mantine-radius-default: calc(0.5rem * var(--mantine-scale));--mantine-primary-color-filled: var(--mantine-color-primary-filled);--mantine-primary-color-filled-hover: var(--mantine-color-primary-filled-hover);--mantine-primary-color-light: var(--mantine-color-primary-light);--mantine-primary-color-light-hover: var(--mantine-color-primary-light-hover);--mantine-primary-color-light-color: var(--mantine-color-primary-light-color);--mantine-primary-color-0: var(--mantine-color-primary-0);--mantine-primary-color-1: var(--mantine-color-primary-1);--mantine-primary-color-2: var(--mantine-color-primary-2);--mantine-primary-color-3: var(--mantine-color-primary-3);--mantine-primary-color-4: var(--mantine-color-primary-4);--mantine-primary-color-5: var(--mantine-color-primary-5);--mantine-primary-color-6: var(--mantine-color-primary-6);--mantine-primary-color-7: var(--mantine-color-primary-7);--mantine-primary-color-8: var(--mantine-color-primary-8);--mantine-primary-color-9: var(--mantine-color-primary-9);--mantine-color-primary-0: #ffe8ed;--mantine-color-primary-1: #ffcfd7;--mantine-color-primary-2: #fe9cab;--mantine-color-primary-3: #fd677d;--mantine-color-primary-4: #fc3a56;--mantine-color-primary-5: #fb203e;--mantine-color-primary-6: #fc1131;--mantine-color-primary-7: #e10224;--mantine-color-primary-8: #c9001f;--mantine-color-primary-9: #b00018;--mantine-color-secondary-0: #ebf4ff;--mantine-color-secondary-1: #d4e5fa;--mantine-color-secondary-2: #a3c9f7;--mantine-color-secondary-3: #71abf6;--mantine-color-secondary-4: #4b92f5;--mantine-color-secondary-5: #3782f5;--mantine-color-secondary-6: #2e7af6;--mantine-color-secondary-7: #2368dc;--mantine-color-secondary-8: #195dc5;--mantine-color-secondary-9: #0050ad;}:root[data-mantine-color-scheme="dark"]{--mantine-color-anchor: var(--mantine-color-primary-4);--mantine-color-primary-text: var(--mantine-color-primary-4);--mantine-color-primary-filled: var(--mantine-color-primary-8);--mantine-color-primary-filled-hover: var(--mantine-color-primary-9);--mantine-color-primary-light: rgba(252, 17, 49, 0.15);--mantine-color-primary-light-hover: rgba(252, 17, 49, 0.2);--mantine-color-primary-light-color: var(--mantine-color-primary-3);--mantine-color-primary-outline: var(--mantine-color-primary-4);--mantine-color-primary-outline-hover: rgba(252, 58, 86, 0.05);--mantine-color-secondary-text: var(--mantine-color-secondary-4);--mantine-color-secondary-filled: var(--mantine-color-secondary-8);--mantine-color-secondary-filled-hover: var(--mantine-color-secondary-9);--mantine-color-secondary-light: rgba(46, 122, 246, 0.15);--mantine-color-secondary-light-hover: rgba(46, 122, 246, 0.2);--mantine-color-secondary-light-color: var(--mantine-color-secondary-3);--mantine-color-secondary-outline: var(--mantine-color-secondary-4);--mantine-color-secondary-outline-hover: rgba(75, 146, 245, 0.05);}:root[data-mantine-color-scheme="light"]{--mantine-color-anchor: var(--mantine-color-primary-6);--mantine-color-primary-text: var(--mantine-color-primary-filled);--mantine-color-primary-filled: var(--mantine-color-primary-6);--mantine-color-primary-filled-hover: var(--mantine-color-primary-7);--mantine-color-primary-light: rgba(252, 17, 49, 0.1);--mantine-color-primary-light-hover: rgba(252, 17, 49, 0.12);--mantine-color-primary-light-color: var(--mantine-color-primary-6);--mantine-color-primary-outline: var(--mantine-color-primary-6);--mantine-color-primary-outline-hover: rgba(252, 17, 49, 0.05);--mantine-color-secondary-text: var(--mantine-color-secondary-filled);--mantine-color-secondary-filled: var(--mantine-color-secondary-6);--mantine-color-secondary-filled-hover: var(--mantine-color-secondary-7);--mantine-color-secondary-light: rgba(46, 122, 246, 0.1);--mantine-color-secondary-light-hover: rgba(46, 122, 246, 0.12);--mantine-color-secondary-light-color: var(--mantine-color-secondary-6);--mantine-color-secondary-outline: var(--mantine-color-secondary-6);--mantine-color-secondary-outline-hover: rgba(46, 122, 246, 0.05);}
  </style>
  <style
    data-mantine-styles="classes"
  >
    @media (max-width: 35.99375em) {.mantine-visible-from-xs {display: none !important;}}@media (min-width: 36em) {.mantine-hidden-from-xs {display: none !important;}}@media (max-width: 47.99375em) {.mantine-visible-from-sm {display: none !important;}}@media (min-width: 48em) {.mantine-hidden-from-sm {display: none !important;}}@media (max-width: 61.99375em) {.mantine-visible-from-md {display: none !important;}}@media (min-width: 62em) {.mantine-hidden-from-md {display: none !important;}}@media (max-width: 74.99375em) {.mantine-visible-from-lg {display: none !important;}}@media (min-width: 75em) {.mantine-hidden-from-lg {display: none !important;}}@media (max-width: 87.99375em) {.mantine-visible-from-xl {display: none !important;}}@media (min-width: 88em) {.mantine-hidden-from-xl {display: none !important;}}
  </style>
  <div>
    <div
      class="leaflet-container leaflet-touch leaflet-grab leaflet-touch-drag leaflet-touch-zoom"
      style="width: 100%; z-index: 0; position: relative;"
      tabindex="0"
    >
      <div
        class="leaflet-pane leaflet-map-pane"
        style="left: 0px; top: 0px;"
      >
        <div
          class="leaflet-pane leaflet-tile-pane"
        >
          <div
            class="leaflet-layer "
            style="z-index: 1;"
          >
            <div
              class="leaflet-tile-container leaflet-zoom-animated"
              style="z-index: 18; left: 0px; top: 0px;"
            >
              <img
                alt=""
                class="leaflet-tile"
                src="https://a.tile.openstreetmap.org/16/52218/33900.png"
                style="width: 256px; height: 256px; left: -166px; top: -127px;"
              />
            </div>
          </div>
        </div>
        <div
          class="leaflet-pane leaflet-overlay-pane"
        />
        <div
          class="leaflet-pane leaflet-shadow-pane"
        />
        <div
          class="leaflet-pane leaflet-marker-pane"
        >
          <img
            alt="Marker"
            aria-describedby="leaflet-tooltip-30"
            class="leaflet-marker-icon leaflet-zoom-hide leaflet-interactive"
            role="button"
            src="/src/shared/assets/cust.svg"
            style="margin-left: -16px; margin-top: -24.5px; width: 32px; height: 49px; left: 0px; top: 0px; z-index: 0;"
            tabindex="0"
          />
        </div>
        <div
          class="leaflet-pane leaflet-tooltip-pane"
        >
          <div
            class="leaflet-tooltip leaflet-zoom-hide leaflet-tooltip-bottom"
            id="leaflet-tooltip-30"
            role="tooltip"
            style="left: 0px; top: 12px; opacity: 0.9;"
          >
            Lokasi Anda
          </div>
        </div>
        <div
          class="leaflet-pane leaflet-popup-pane"
        />
      </div>
      <div
        class="leaflet-control-container"
      >
        <div
          class="leaflet-top leaflet-left"
        >
          <div
            class="leaflet-control-zoom leaflet-bar leaflet-control"
          >
            <a
              aria-disabled="false"
              aria-label="Zoom in"
              class="leaflet-control-zoom-in"
              href="#"
              role="button"
              title="Zoom in"
            >
              <span
                aria-hidden="true"
              >
                +
              </span>
            </a>
            <a
              aria-disabled="false"
              aria-label="Zoom out"
              class="leaflet-control-zoom-out"
              href="#"
              role="button"
              title="Zoom out"
            >
              <span
                aria-hidden="true"
              >
                −
              </span>
            </a>
          </div>
        </div>
        <div
          class="leaflet-top leaflet-right"
        />
        <div
          class="leaflet-bottom leaflet-left"
        />
        <div
          class="leaflet-bottom leaflet-right"
        >
          <div
            class="leaflet-control-attribution leaflet-control"
          >
            <a
              href="https://leafletjs.com"
              title="A JavaScript library for interactive maps"
            >
              Leaflet
            </a>
             
            <span
              aria-hidden="true"
            >
              |
            </span>
             © 
            <a
              href="https://www.openstreetmap.org/copyright"
            >
              OpenStreetMap
            </a>
             contributors
          </div>
        </div>
      </div>
    </div>
    <div
      class=""
      style="z-index: 50; position: absolute; top: 0px; right: 0px; display: flex; flex-direction: column; align-items: flex-end; padding: 8px;"
    >
      <div
        class="m_8bffd616 mantine-Flex-root __m__-r1q"
        style="flex-direction: row;"
      >
        <div
          class="m_4081bf90 mantine-Group-root"
          style="--group-gap: calc(0.375rem * var(--mantine-scale)); --group-align: start; --group-justify: end; --group-wrap: wrap; user-select: none; pointer-events: painted;"
        >
          <div
            class="m_347db0ec mantine-Badge-root"
            style="--badge-bg: var(--mantine-color-blue-filled); --badge-color: var(--mantine-color-white); --badge-bd: calc(0.0625rem * var(--mantine-scale)) solid transparent;"
          >
            <span
              class="m_5add502a mantine-Badge-label"
            >
              Customer
            </span>
          </div>
          <div
            class="m_347db0ec mantine-Badge-root"
            data-variant="filled"
            style="--badge-bg: var(--mantine-color-teal-filled); --badge-color: var(--mantine-color-white); --badge-bd: calc(0.0625rem * var(--mantine-scale)) solid transparent;"
          >
            <span
              class="m_5add502a mantine-Badge-label"
            >
              Test User
            </span>
          </div>
        </div>
        <div
          class="m_6d731127 mantine-Stack-root"
          style="--stack-gap: var(--mantine-spacing-md); --stack-align: end; --stack-justify: flex-start; flex-grow: 1;"
        >
          <button
            class="mantine-focus-auto mantine-active m_77c9d27d mantine-Button-root m_87cf2631 mantine-UnstyledButton-root"
            data-size="compact-lg"
            data-variant="white"
            style="--button-height: var(--button-height-compact-lg); --button-padding-x: var(--button-padding-x-compact-lg); --button-fz: var(--mantine-font-size-lg); --button-bg: var(--mantine-color-white); --button-hover: rgba(252, 252, 252, 1); --button-color: var(--mantine-color-primary-filled); --button-bd: calc(0.0625rem * var(--mantine-scale)) solid transparent;"
            type="button"
          >
            <span
              class="m_80f1301b mantine-Button-inner"
            >
              <span
                class="m_811560b9 mantine-Button-label"
              >
                <svg
                  class="lucide lucide-locate-fixed"
                  fill="none"
                  height="20"
                  stroke="currentColor"
                  stroke-linecap="round"
                  stroke-linejoin="round"
                  stroke-width="2"
                  viewBox="0 0 24 24"
                  width="20"
                  xmlns="http://www.w3.org/2000/svg"
                >
                  <line
                    x1="2"
                    x2="5"
                    y1="12"
                    y2="12"
                  />
                  <line
                    x1="19"
                    x2="22"
                    y1="12"
                    y2="12"
                  />
                  <line
                    x1="12"
                    x2="12"
                    y1="2"
                    y2="5"
                  />
                  <line
                    x1="12"
                    x2="12"
                    y1="19"
                    y2="22"
                  />
                  <circle
                    cx="12"
                    cy="12"
                    r="7"
                  />
                  <circle
                    cx="12"
                    cy="12"
                    r="3"
                  />
                </svg>
              </span>
            </span>
          </button>
          <button
            class="mantine-focus-auto mantine-active m_77c9d27d mantine-Button-root m_87cf2631 mantine-UnstyledButton-root"
            data-size="compact-lg"
            data-variant="white"
            style="--button-height: var(--button-height-compact-lg); --button-padding-x: var(--button-padding-x-compact-lg); --button-fz: var(--mantine-font-size-lg); --button-bg: var(--mantine-color-white); --button-hover: rgba(252, 252, 252, 1); --button-color: var(--mantine-color-red-filled); --button-bd: calc(0.0625rem * var(--mantine-scale)) solid transparent;"
            type="button"
          >
            <span
              class="m_80f1301b mantine-Button-inner"
            >
              <span
                class="m_811560b9 mantine-Button-label"
              >
                <svg
                  class="lucide lucide-x"
                  fill="none"
                  height="20"
                  stroke="currentColor"
                  stroke-linecap="round"
                  stroke-linejoin="round"
                  stroke-width="2"
                  viewBox="0 0 24 24"
                  width="20"
                  xmlns="http://www.w3.org/2000/svg"
                >
                  <path
                    d="M18 6 6 18"
                  />
                  <path
                    d="m6 6 12 12"
                  />
                </svg>
              </span>
            </span>
          </button>
        </div>
      </div>
    </div>
  </div>
</div>
`;

exports[`it renders properly 1`] = `
<div>
  <style
    data-mantine-styles="true"
  >
    :root{--mantine-font-family: 'Poppins', system-ui, sans-serif;--mantine-font-family-headings: 'Telkomsel Batik Sans', system-ui, sans-serif;--mantine-radius-default: calc(0.5rem * var(--mantine-scale));--mantine-primary-color-filled: var(--mantine-color-primary-filled);--mantine-primary-color-filled-hover: var(--mantine-color-primary-filled-hover);--mantine-primary-color-light: var(--mantine-color-primary-light);--mantine-primary-color-light-hover: var(--mantine-color-primary-light-hover);--mantine-primary-color-light-color: var(--mantine-color-primary-light-color);--mantine-primary-color-0: var(--mantine-color-primary-0);--mantine-primary-color-1: var(--mantine-color-primary-1);--mantine-primary-color-2: var(--mantine-color-primary-2);--mantine-primary-color-3: var(--mantine-color-primary-3);--mantine-primary-color-4: var(--mantine-color-primary-4);--mantine-primary-color-5: var(--mantine-color-primary-5);--mantine-primary-color-6: var(--mantine-color-primary-6);--mantine-primary-color-7: var(--mantine-color-primary-7);--mantine-primary-color-8: var(--mantine-color-primary-8);--mantine-primary-color-9: var(--mantine-color-primary-9);--mantine-color-primary-0: #ffe8ed;--mantine-color-primary-1: #ffcfd7;--mantine-color-primary-2: #fe9cab;--mantine-color-primary-3: #fd677d;--mantine-color-primary-4: #fc3a56;--mantine-color-primary-5: #fb203e;--mantine-color-primary-6: #fc1131;--mantine-color-primary-7: #e10224;--mantine-color-primary-8: #c9001f;--mantine-color-primary-9: #b00018;--mantine-color-secondary-0: #ebf4ff;--mantine-color-secondary-1: #d4e5fa;--mantine-color-secondary-2: #a3c9f7;--mantine-color-secondary-3: #71abf6;--mantine-color-secondary-4: #4b92f5;--mantine-color-secondary-5: #3782f5;--mantine-color-secondary-6: #2e7af6;--mantine-color-secondary-7: #2368dc;--mantine-color-secondary-8: #195dc5;--mantine-color-secondary-9: #0050ad;}:root[data-mantine-color-scheme="dark"]{--mantine-color-anchor: var(--mantine-color-primary-4);--mantine-color-primary-text: var(--mantine-color-primary-4);--mantine-color-primary-filled: var(--mantine-color-primary-8);--mantine-color-primary-filled-hover: var(--mantine-color-primary-9);--mantine-color-primary-light: rgba(252, 17, 49, 0.15);--mantine-color-primary-light-hover: rgba(252, 17, 49, 0.2);--mantine-color-primary-light-color: var(--mantine-color-primary-3);--mantine-color-primary-outline: var(--mantine-color-primary-4);--mantine-color-primary-outline-hover: rgba(252, 58, 86, 0.05);--mantine-color-secondary-text: var(--mantine-color-secondary-4);--mantine-color-secondary-filled: var(--mantine-color-secondary-8);--mantine-color-secondary-filled-hover: var(--mantine-color-secondary-9);--mantine-color-secondary-light: rgba(46, 122, 246, 0.15);--mantine-color-secondary-light-hover: rgba(46, 122, 246, 0.2);--mantine-color-secondary-light-color: var(--mantine-color-secondary-3);--mantine-color-secondary-outline: var(--mantine-color-secondary-4);--mantine-color-secondary-outline-hover: rgba(75, 146, 245, 0.05);}:root[data-mantine-color-scheme="light"]{--mantine-color-anchor: var(--mantine-color-primary-6);--mantine-color-primary-text: var(--mantine-color-primary-filled);--mantine-color-primary-filled: var(--mantine-color-primary-6);--mantine-color-primary-filled-hover: var(--mantine-color-primary-7);--mantine-color-primary-light: rgba(252, 17, 49, 0.1);--mantine-color-primary-light-hover: rgba(252, 17, 49, 0.12);--mantine-color-primary-light-color: var(--mantine-color-primary-6);--mantine-color-primary-outline: var(--mantine-color-primary-6);--mantine-color-primary-outline-hover: rgba(252, 17, 49, 0.05);--mantine-color-secondary-text: var(--mantine-color-secondary-filled);--mantine-color-secondary-filled: var(--mantine-color-secondary-6);--mantine-color-secondary-filled-hover: var(--mantine-color-secondary-7);--mantine-color-secondary-light: rgba(46, 122, 246, 0.1);--mantine-color-secondary-light-hover: rgba(46, 122, 246, 0.12);--mantine-color-secondary-light-color: var(--mantine-color-secondary-6);--mantine-color-secondary-outline: var(--mantine-color-secondary-6);--mantine-color-secondary-outline-hover: rgba(46, 122, 246, 0.05);}
  </style>
  <style
    data-mantine-styles="classes"
  >
    @media (max-width: 35.99375em) {.mantine-visible-from-xs {display: none !important;}}@media (min-width: 36em) {.mantine-hidden-from-xs {display: none !important;}}@media (max-width: 47.99375em) {.mantine-visible-from-sm {display: none !important;}}@media (min-width: 48em) {.mantine-hidden-from-sm {display: none !important;}}@media (max-width: 61.99375em) {.mantine-visible-from-md {display: none !important;}}@media (min-width: 62em) {.mantine-hidden-from-md {display: none !important;}}@media (max-width: 74.99375em) {.mantine-visible-from-lg {display: none !important;}}@media (min-width: 75em) {.mantine-hidden-from-lg {display: none !important;}}@media (max-width: 87.99375em) {.mantine-visible-from-xl {display: none !important;}}@media (min-width: 88em) {.mantine-hidden-from-xl {display: none !important;}}
  </style>
  <div
    class="m_8bffd616 mantine-Flex-root __m__-r1"
    style="align-items: center; background: rgb(239, 241, 244);"
  >
    <div
      class="m_7485cace mantine-Container-root"
      data-size="xs"
      style="--container-size: var(--container-size-xs); margin-inline: auto; text-align: center;"
    >
      <div
        class=""
      >
        <img
          alt="Illustration"
          class="m_9e117634 mantine-Image-root"
          src="/video.png"
          style="margin-inline: auto;"
        />
      </div>
      <h2
        class="m_8a5d1357 mantine-Title-root"
        data-order="2"
        style="--title-fw: var(--mantine-h2-font-weight); --title-lh: var(--mantine-h2-line-height); --title-fz: var(--mantine-h2-font-size);"
      >
        Verifikasi
      </h2>
      <p
        class="mantine-focus-auto m_b6d8b162 mantine-Text-root"
      >
        Masukkan nama dan role Anda di bawah ini:
      </p>
      <form>
        <div
          class="m_6d731127 mantine-Stack-root"
          style="--stack-gap: calc(1rem * var(--mantine-scale)); --stack-align: stretch; --stack-justify: flex-start; text-align: start;"
        >
          <input
            name="token"
            type="hidden"
            value=""
          />
          <div
            class="m_46b77525 mantine-InputWrapper-root mantine-TextInput-root"
          >
            <label
              class="m_8fdc1311 mantine-InputWrapper-label mantine-TextInput-label"
              for=""
              id=""
            >
              Nama
            </label>
            <div
              class="m_6c018570 mantine-Input-wrapper mantine-TextInput-wrapper"
              data-variant="default"
            >
              <input
                aria-invalid="false"
                class="m_8fb7ebe7 mantine-Input-input mantine-TextInput-input"
                data-variant="default"
                id=""
                name="name"
                placeholder="Masukkan nama"
                value=""
              />
            </div>
          </div>
          <div
            class="m_46b77525 mantine-InputWrapper-root mantine-Select-root"
          >
            <label
              class="m_8fdc1311 mantine-InputWrapper-label mantine-Select-label"
              for=""
              id=""
            >
              Role
            </label>
            <div
              class="m_6c018570 mantine-Input-wrapper mantine-Select-wrapper"
              data-pointer="true"
              data-variant="default"
              data-with-right-section="true"
              style="--input-right-section-pointer-events: none;"
            >
              <input
                aria-haspopup="listbox"
                aria-invalid="false"
                autocomplete="off"
                class="m_8fb7ebe7 mantine-Input-input mantine-Select-input"
                data-variant="default"
                id=""
                placeholder="Masukkan role"
                readonly=""
                value=""
              />
              <div
                class="m_82577fc2 mantine-Input-section mantine-Select-section"
                data-position="right"
              />
            </div>
          </div>
          <input
            name="role"
            type="hidden"
            value=""
          />
          <div
            class="m_bf2d988c mantine-Checkbox-root m_5f75b09e mantine-Checkbox-root"
            data-label-position="right"
            style="--checkbox-color: var(--mantine-color-secondary-9);"
          >
            <div
              class="m_5f6e695e mantine-Checkbox-body"
            >
              <div
                class="m_26062bec mantine-Checkbox-inner"
                data-label-position="right"
              >
                <input
                  class="mantine-focus-auto m_26063560 mantine-Checkbox-input"
                  id=""
                  name="agreed"
                  type="checkbox"
                />
                <svg
                  aria-hidden="true"
                  class="m_bf295423 mantine-Checkbox-icon"
                  fill="none"
                  viewBox="0 0 10 7"
                  xmlns="http://www.w3.org/2000/svg"
                >
                  <path
                    clip-rule="evenodd"
                    d="M4 4.586L1.707 2.293A1 1 0 1 0 .293 3.707l3 3a.997.997 0 0 0 1.414 0l5-5A1 1 0 1 0 8.293.293L4 4.586z"
                    fill="currentColor"
                    fill-rule="evenodd"
                  />
                </svg>
              </div>
              <div
                class="m_d3ea56bb mantine-Checkbox-labelWrapper"
              >
                <label
                  class="m_8ee546b8 mantine-Checkbox-label"
                  for=""
                >
                  Dengan menggunakan aplikasi ini Anda telah setuju untuk membagikan lokasi Anda kepada para tukang Bakso Keliling.
                </label>
              </div>
            </div>
          </div>
          <div
            id="cf-turnstile"
            style="min-width: 300px; width: 100%; height: 65px;"
          />
          <button
            class="mantine-focus-auto mantine-active m_77c9d27d mantine-Button-root m_87cf2631 mantine-UnstyledButton-root"
            data-block="true"
            data-size="md"
            style="--button-height: var(--button-height-md); --button-padding-x: var(--button-padding-x-md); --button-fz: var(--mantine-font-size-md); --button-radius: calc(3.5rem * var(--mantine-scale)); --button-bg: var(--mantine-color-red-filled); --button-hover: var(--mantine-color-red-filled-hover); --button-color: var(--mantine-color-white); --button-bd: calc(0.0625rem * var(--mantine-scale)) solid transparent;"
            type="submit"
          >
            <span
              class="m_80f1301b mantine-Button-inner"
            >
              <span
                class="m_811560b9 mantine-Button-label"
              >
                Join
              </span>
            </span>
          </button>
        </div>
      </form>
    </div>
  </div>
</div>
`;
