// Vitest Snapshot v1, https://vitest.dev/guide/snapshot.html

exports[`it renders properly 1`] = `[Function]`;
