// Vitest Snapshot v1, https://vitest.dev/guide/snapshot.html

exports[`LocationMapPage > should match snapshot 1`] = `
<DocumentFragment>
  <style
    data-mantine-styles="true"
  >
    :root{--mantine-primary-color-filled: var(--mantine-color-red-filled);--mantine-primary-color-filled-hover: var(--mantine-color-red-filled-hover);--mantine-primary-color-light: var(--mantine-color-red-light);--mantine-primary-color-light-hover: var(--mantine-color-red-light-hover);--mantine-primary-color-light-color: var(--mantine-color-red-light-color);--mantine-primary-color-0: var(--mantine-color-red-0);--mantine-primary-color-1: var(--mantine-color-red-1);--mantine-primary-color-2: var(--mantine-color-red-2);--mantine-primary-color-3: var(--mantine-color-red-3);--mantine-primary-color-4: var(--mantine-color-red-4);--mantine-primary-color-5: var(--mantine-color-red-5);--mantine-primary-color-6: var(--mantine-color-red-6);--mantine-primary-color-7: var(--mantine-color-red-7);--mantine-primary-color-8: var(--mantine-color-red-8);--mantine-primary-color-9: var(--mantine-color-red-9);}:root[data-mantine-color-scheme="dark"]{--mantine-color-anchor: var(--mantine-color-red-4);}:root[data-mantine-color-scheme="light"]{--mantine-color-anchor: var(--mantine-color-red-6);}
  </style>
  <style
    data-mantine-styles="classes"
  >
    @media (max-width: 35.99375em) {.mantine-visible-from-xs {display: none !important;}}@media (min-width: 36em) {.mantine-hidden-from-xs {display: none !important;}}@media (max-width: 47.99375em) {.mantine-visible-from-sm {display: none !important;}}@media (min-width: 48em) {.mantine-hidden-from-sm {display: none !important;}}@media (max-width: 61.99375em) {.mantine-visible-from-md {display: none !important;}}@media (min-width: 62em) {.mantine-hidden-from-md {display: none !important;}}@media (max-width: 74.99375em) {.mantine-visible-from-lg {display: none !important;}}@media (min-width: 75em) {.mantine-hidden-from-lg {display: none !important;}}@media (max-width: 87.99375em) {.mantine-visible-from-xl {display: none !important;}}@media (min-width: 88em) {.mantine-hidden-from-xl {display: none !important;}}
  </style>
  <div
    class="m_4451eb3a mantine-Center-root"
  >
    Memuat Lokasi...
  </div>
</DocumentFragment>
`;
